[INFO] Scanning for projects...
[INFO] 
[INFO] ------------------------< com.google:hospital >-------------------------
[INFO] Building hospital 0.0.1-SNAPSHOT
[INFO]   from pom.xml
[INFO] --------------------------------[ jar ]---------------------------------
[INFO] 
[INFO] --- resources:3.3.1:resources (default-resources) @ hospital ---
[INFO] Copying 2 resources from src\main\resources to target\classes
[INFO] Copying 0 resource from src\main\resources to target\classes
[INFO] 
[INFO] --- compiler:3.14.1:compile (default-compile) @ hospital ---
[INFO] Recompiling the module because of changed source code.
[INFO] Compiling 62 source files with javac [debug parameters release 17] to target\classes
WARNING: A terminally deprecated method in sun.misc.Unsafe has been called
WARNING: sun.misc.Unsafe::objectFieldOffset has been called by lombok.permit.Permit
WARNING: Please consider reporting this to the maintainers of class lombok.permit.Permit
WARNING: sun.misc.Unsafe::objectFieldOffset will be removed in a future release
[INFO] -------------------------------------------------------------
[ERROR] COMPILATION ERROR : 
[INFO] -------------------------------------------------------------
[ERROR] /C:/Users/vishn/OneDrive/Desktop/google hosp t1/src/main/java/com/google/hospital/config/DatabaseSeeder.java:[58,17] cannot find symbol
  symbol:   method setPhone(java.lang.String)
  location: variable hospital of type com.google.hospital.admin.entity.Hospital
[ERROR] /C:/Users/vishn/OneDrive/Desktop/google hosp t1/src/main/java/com/google/hospital/config/DatabaseSeeder.java:[59,17] cannot find symbol
  symbol:   method setEmail(java.lang.String)
  location: variable hospital of type com.google.hospital.admin.entity.Hospital
[ERROR] /C:/Users/vishn/OneDrive/Desktop/google hosp t1/src/main/java/com/google/hospital/config/DatabaseSeeder.java:[63,78] cannot find symbol
  symbol:   variable CARDIOLOGY
  location: class com.google.hospital.admin.enums.DepartmentType
[ERROR] /C:/Users/vishn/OneDrive/Desktop/google hosp t1/src/main/java/com/google/hospital/config/DatabaseSeeder.java:[64,81] cannot find symbol
  symbol:   variable GENERAL
  location: class com.google.hospital.admin.enums.DepartmentType
[ERROR] /C:/Users/vishn/OneDrive/Desktop/google hosp t1/src/main/java/com/google/hospital/config/DatabaseSeeder.java:[65,80] cannot find symbol
  symbol:   variable ORTHOPEDICS
  location: class com.google.hospital.admin.enums.DepartmentType
[ERROR] /C:/Users/vishn/OneDrive/Desktop/google hosp t1/src/main/java/com/google/hospital/config/DatabaseSeeder.java:[66,78] cannot find symbol
  symbol:   variable PEDIATRICS
  location: class com.google.hospital.admin.enums.DepartmentType
[ERROR] /C:/Users/vishn/OneDrive/Desktop/google hosp t1/src/main/java/com/google/hospital/config/DatabaseSeeder.java:[67,76] cannot find symbol
  symbol:   variable RADIOLOGY
  location: class com.google.hospital.admin.enums.DepartmentType
[ERROR] /C:/Users/vishn/OneDrive/Desktop/google hosp t1/src/main/java/com/google/hospital/config/DatabaseSeeder.java:[115,15] cannot find symbol
  symbol:   method setSpecialization(java.lang.String)
  location: variable doctor of type com.google.hospital.doctor.entity.Doctor
[ERROR] /C:/Users/vishn/OneDrive/Desktop/google hosp t1/src/main/java/com/google/hospital/config/DatabaseSeeder.java:[116,15] cannot find symbol
  symbol:   method setQualification(java.lang.String)
  location: variable doctor of type com.google.hospital.doctor.entity.Doctor
[ERROR] /C:/Users/vishn/OneDrive/Desktop/google hosp t1/src/main/java/com/google/hospital/config/DatabaseSeeder.java:[117,15] cannot find symbol
  symbol:   method setLicenseNo(java.lang.String)
  location: variable doctor of type com.google.hospital.doctor.entity.Doctor
[ERROR] /C:/Users/vishn/OneDrive/Desktop/google hosp t1/src/main/java/com/google/hospital/config/DatabaseSeeder.java:[118,15] cannot find symbol
  symbol:   method setDepartmentId(java.util.UUID)
  location: variable doctor of type com.google.hospital.doctor.entity.Doctor
[INFO] 11 errors 
[INFO] -------------------------------------------------------------
[INFO] ------------------------------------------------------------------------
[INFO] BUILD FAILURE
[INFO] ------------------------------------------------------------------------
[INFO] Total time:  5.816 s
[INFO] Finished at: 2025-12-29T15:33:59+05:30
[INFO] ------------------------------------------------------------------------
[ERROR] Failed to execute goal org.apache.maven.plugins:maven-compiler-plugin:3.14.1:compile (default-compile) on project hospital: Compilation failure: Compilation failure: 
[ERROR] /C:/Users/vishn/OneDrive/Desktop/google hosp t1/src/main/java/com/google/hospital/config/DatabaseSeeder.java:[58,17] cannot find symbol
[ERROR]   symbol:   method setPhone(java.lang.String)
[ERROR]   location: variable hospital of type com.google.hospital.admin.entity.Hospital
[ERROR] /C:/Users/vishn/OneDrive/Desktop/google hosp t1/src/main/java/com/google/hospital/config/DatabaseSeeder.java:[59,17] cannot find symbol
[ERROR]   symbol:   method setEmail(java.lang.String)
[ERROR]   location: variable hospital of type com.google.hospital.admin.entity.Hospital
[ERROR] /C:/Users/vishn/OneDrive/Desktop/google hosp t1/src/main/java/com/google/hospital/config/DatabaseSeeder.java:[63,78] cannot find symbol
[ERROR]   symbol:   variable CARDIOLOGY
[ERROR]   location: class com.google.hospital.admin.enums.DepartmentType
[ERROR] /C:/Users/vishn/OneDrive/Desktop/google hosp t1/src/main/java/com/google/hospital/config/DatabaseSeeder.java:[64,81] cannot find symbol
[ERROR]   symbol:   variable GENERAL
[ERROR]   location: class com.google.hospital.admin.enums.DepartmentType
[ERROR] /C:/Users/vishn/OneDrive/Desktop/google hosp t1/src/main/java/com/google/hospital/config/DatabaseSeeder.java:[65,80] cannot find symbol
[ERROR]   symbol:   variable ORTHOPEDICS
[ERROR]   location: class com.google.hospital.admin.enums.DepartmentType
[ERROR] /C:/Users/vishn/OneDrive/Desktop/google hosp t1/src/main/java/com/google/hospital/config/DatabaseSeeder.java:[66,78] cannot find symbol
[ERROR]   symbol:   variable PEDIATRICS
[ERROR]   location: class com.google.hospital.admin.enums.DepartmentType
[ERROR] /C:/Users/vishn/OneDrive/Desktop/google hosp t1/src/main/java/com/google/hospital/config/DatabaseSeeder.java:[67,76] cannot find symbol
[ERROR]   symbol:   variable RADIOLOGY
[ERROR]   location: class com.google.hospital.admin.enums.DepartmentType
[ERROR] /C:/Users/vishn/OneDrive/Desktop/google hosp t1/src/main/java/com/google/hospital/config/DatabaseSeeder.java:[115,15] cannot find symbol
[ERROR]   symbol:   method setSpecialization(java.lang.String)
[ERROR]   location: variable doctor of type com.google.hospital.doctor.entity.Doctor
[ERROR] /C:/Users/vishn/OneDrive/Desktop/google hosp t1/src/main/java/com/google/hospital/config/DatabaseSeeder.java:[116,15] cannot find symbol
[ERROR]   symbol:   method setQualification(java.lang.String)
[ERROR]   location: variable doctor of type com.google.hospital.doctor.entity.Doctor
[ERROR] /C:/Users/vishn/OneDrive/Desktop/google hosp t1/src/main/java/com/google/hospital/config/DatabaseSeeder.java:[117,15] cannot find symbol
[ERROR]   symbol:   method setLicenseNo(java.lang.String)
[ERROR]   location: variable doctor of type com.google.hospital.doctor.entity.Doctor
[ERROR] /C:/Users/vishn/OneDrive/Desktop/google hosp t1/src/main/java/com/google/hospital/config/DatabaseSeeder.java:[118,15] cannot find symbol
[ERROR]   symbol:   method setDepartmentId(java.util.UUID)
[ERROR]   location: variable doctor of type com.google.hospital.doctor.entity.Doctor
[ERROR] -> [Help 1]
[ERROR] 
[ERROR] To see the full stack trace of the errors, re-run Maven with the -e switch.
[ERROR] Re-run Maven using the -X switch to enable full debug logging.
[ERROR] 
[ERROR] For more information about the errors and possible solutions, please read the following articles:
[ERROR] [Help 1] http://cwiki.apache.org/confluence/display/MAVEN/MojoFailureException
