[INFO] Scanning for projects...
[INFO] 
[INFO] ------------------------< com.google:hospital >-------------------------
[INFO] Building hospital 0.0.1-SNAPSHOT
[INFO]   from pom.xml
[INFO] --------------------------------[ jar ]---------------------------------
[INFO] 
[INFO] >>> spring-boot:4.0.1:run (default-cli) > test-compile @ hospital >>>
[WARNING] The POM for org.springframework.security:spring-security-test:jar:4.0.1 is missing, no dependency information available
[INFO] ------------------------------------------------------------------------
[INFO] BUILD FAILURE
[INFO] ------------------------------------------------------------------------
[INFO] Total time:  1.329 s
[INFO] Finished at: 2025-12-29T17:54:16+05:30
[INFO] ------------------------------------------------------------------------
[ERROR] Failed to execute goal on project hospital: Could not resolve dependencies for project com.google:hospital:jar:0.0.1-SNAPSHOT
[ERROR] dependency: org.springframework.security:spring-security-test:jar:4.0.1 (test)
[ERROR] 	org.springframework.security:spring-security-test:jar:4.0.1 was not found in https://repo.maven.apache.org/maven2 during a previous attempt. This failure was cached in the local repository and resolution is not reattempted until the update interval of central has elapsed or updates are forced
[ERROR] 
[ERROR] -> [Help 1]
[ERROR] 
[ERROR] To see the full stack trace of the errors, re-run Maven with the -e switch.
[ERROR] Re-run Maven using the -X switch to enable full debug logging.
[ERROR] 
[ERROR] For more information about the errors and possible solutions, please read the following articles:
[ERROR] [Help 1] http://cwiki.apache.org/confluence/display/MAVEN/DependencyResolutionException
